Initial log
Tue Nov 25 16:25:56 UTC 2025 - automated update
Wed Nov 26 06:16:20 UTC 2025 - automated update
Thu Nov 27 06:16:45 UTC 2025 - automated update
Fri Nov 28 06:17:02 UTC 2025 - automated update
Sat Nov 29 06:14:39 UTC 2025 - automated update
Sun Nov 30 06:15:27 UTC 2025 - automated update
Mon Dec  1 06:18:16 UTC 2025 - automated update
Tue Dec  2 06:17:36 UTC 2025 - automated update
Wed Dec  3 06:17:11 UTC 2025 - automated update
Thu Dec  4 06:16:47 UTC 2025 - automated update
Fri Dec  5 06:16:54 UTC 2025 - automated update
Sat Dec  6 06:14:38 UTC 2025 - automated update
Sun Dec  7 06:14:46 UTC 2025 - automated update
Mon Dec  8 06:18:56 UTC 2025 - automated update
Tue Dec  9 06:17:35 UTC 2025 - automated update
Wed Dec 10 06:17:53 UTC 2025 - automated update
Thu Dec 11 06:18:11 UTC 2025 - automated update
Fri Dec 12 06:17:51 UTC 2025 - automated update
Sat Dec 13 06:15:09 UTC 2025 - automated update
Sun Dec 14 06:15:37 UTC 2025 - automated update
Mon Dec 15 06:19:15 UTC 2025 - automated update
Tue Dec 16 06:17:58 UTC 2025 - automated update
Wed Dec 17 06:17:37 UTC 2025 - automated update
Thu Dec 18 06:17:36 UTC 2025 - automated update
Fri Dec 19 06:17:07 UTC 2025 - automated update
Sat Dec 20 06:16:41 UTC 2025 - automated update
Sun Dec 21 06:15:47 UTC 2025 - automated update
Mon Dec 22 06:18:44 UTC 2025 - automated update
Tue Dec 23 06:17:49 UTC 2025 - automated update
Wed Dec 24 06:17:55 UTC 2025 - automated update
Thu Dec 25 06:17:34 UTC 2025 - automated update
Fri Dec 26 06:17:23 UTC 2025 - automated update
Sat Dec 27 06:16:23 UTC 2025 - automated update
Sun Dec 28 06:16:26 UTC 2025 - automated update
Mon Dec 29 06:19:44 UTC 2025 - automated update
Tue Dec 30 06:17:49 UTC 2025 - automated update
Wed Dec 31 06:17:58 UTC 2025 - automated update
Thu Jan  1 06:18:14 UTC 2026 - automated update
Fri Jan  2 06:18:04 UTC 2026 - automated update
Sat Jan  3 06:16:25 UTC 2026 - automated update
Sun Jan  4 06:16:28 UTC 2026 - automated update
Mon Jan  5 06:23:18 UTC 2026 - automated update
Tue Jan  6 06:18:12 UTC 2026 - automated update
Wed Jan  7 06:18:06 UTC 2026 - automated update
Thu Jan  8 06:18:11 UTC 2026 - automated update
Fri Jan  9 06:18:01 UTC 2026 - automated update
Sat Jan 10 06:15:52 UTC 2026 - automated update
Sun Jan 11 06:16:44 UTC 2026 - automated update
Mon Jan 12 06:21:01 UTC 2026 - automated update
Tue Jan 13 06:18:08 UTC 2026 - automated update
Wed Jan 14 06:19:48 UTC 2026 - automated update
Thu Jan 15 06:18:14 UTC 2026 - automated update
Fri Jan 16 06:18:26 UTC 2026 - automated update
Sat Jan 17 06:16:10 UTC 2026 - automated update
Sun Jan 18 06:16:53 UTC 2026 - automated update
Mon Jan 19 06:22:35 UTC 2026 - automated update
Tue Jan 20 06:19:54 UTC 2026 - automated update
Wed Jan 21 06:20:32 UTC 2026 - automated update
Thu Jan 22 06:18:45 UTC 2026 - automated update
Fri Jan 23 06:18:39 UTC 2026 - automated update
Sat Jan 24 06:16:26 UTC 2026 - automated update
Sun Jan 25 06:17:08 UTC 2026 - automated update
Mon Jan 26 06:22:04 UTC 2026 - automated update
Tue Jan 27 06:19:39 UTC 2026 - automated update
Wed Jan 28 06:20:28 UTC 2026 - automated update
Thu Jan 29 06:32:44 UTC 2026 - automated update
Fri Jan 30 06:33:57 UTC 2026 - automated update
Sat Jan 31 06:24:28 UTC 2026 - automated update
Sun Feb  1 06:35:27 UTC 2026 - automated update
Mon Feb  2 06:49:56 UTC 2026 - automated update
Tue Feb  3 06:35:59 UTC 2026 - automated update
Wed Feb  4 06:36:08 UTC 2026 - automated update
Thu Feb  5 06:42:36 UTC 2026 - automated update
Fri Feb  6 06:38:48 UTC 2026 - automated update
Sat Feb  7 06:27:49 UTC 2026 - automated update
Sun Feb  8 06:36:41 UTC 2026 - automated update
Mon Feb  9 06:52:52 UTC 2026 - automated update
Tue Feb 10 06:52:38 UTC 2026 - automated update
Wed Feb 11 06:49:08 UTC 2026 - automated update
Thu Feb 12 06:47:59 UTC 2026 - automated update
Fri Feb 13 06:44:41 UTC 2026 - automated update
Sat Feb 14 06:30:35 UTC 2026 - automated update
Sun Feb 15 06:37:13 UTC 2026 - automated update
Mon Feb 16 06:50:46 UTC 2026 - automated update
Tue Feb 17 06:43:22 UTC 2026 - automated update
Wed Feb 18 06:47:46 UTC 2026 - automated update
Thu Feb 19 06:45:03 UTC 2026 - automated update
Fri Feb 20 06:39:58 UTC 2026 - automated update
Sat Feb 21 06:28:03 UTC 2026 - automated update
Sun Feb 22 06:33:17 UTC 2026 - automated update
Mon Feb 23 06:51:44 UTC 2026 - automated update
Tue Feb 24 06:44:56 UTC 2026 - automated update
Wed Feb 25 06:48:52 UTC 2026 - automated update
Thu Feb 26 06:44:14 UTC 2026 - automated update
Fri Feb 27 06:37:48 UTC 2026 - automated update
Sat Feb 28 06:22:24 UTC 2026 - automated update
Sun Mar  1 06:32:14 UTC 2026 - automated update
Mon Mar  2 06:41:46 UTC 2026 - automated update
Tue Mar  3 06:36:00 UTC 2026 - automated update
Wed Mar  4 06:32:32 UTC 2026 - automated update
Thu Mar  5 06:36:13 UTC 2026 - automated update
Fri Mar  6 06:32:54 UTC 2026 - automated update
Sat Mar  7 06:24:18 UTC 2026 - automated update
Sun Mar  8 06:28:48 UTC 2026 - automated update
Mon Mar  9 06:46:51 UTC 2026 - automated update
Tue Mar 10 06:34:12 UTC 2026 - automated update
Wed Mar 11 06:37:16 UTC 2026 - automated update
Thu Mar 12 06:38:59 UTC 2026 - automated update
Fri Mar 13 06:37:02 UTC 2026 - automated update
Sat Mar 14 06:32:44 UTC 2026 - automated update
Sun Mar 15 06:42:25 UTC 2026 - automated update
Mon Mar 16 07:02:58 UTC 2026 - automated update
Tue Mar 17 06:49:54 UTC 2026 - automated update
Wed Mar 18 06:48:40 UTC 2026 - automated update
Thu Mar 19 06:43:06 UTC 2026 - automated update
Fri Mar 20 06:39:34 UTC 2026 - automated update
Sat Mar 21 06:29:02 UTC 2026 - automated update
Sun Mar 22 06:36:31 UTC 2026 - automated update
Mon Mar 23 06:55:58 UTC 2026 - automated update
Tue Mar 24 06:50:39 UTC 2026 - automated update
Wed Mar 25 06:49:15 UTC 2026 - automated update
Thu Mar 26 06:55:22 UTC 2026 - automated update
Fri Mar 27 06:54:34 UTC 2026 - automated update
Sat Mar 28 06:43:33 UTC 2026 - automated update
Sun Mar 29 06:51:10 UTC 2026 - automated update
Mon Mar 30 07:13:12 UTC 2026 - automated update
Tue Mar 31 07:00:10 UTC 2026 - automated update
Wed Apr  1 07:06:38 UTC 2026 - automated update
Thu Apr  2 06:58:36 UTC 2026 - automated update
Fri Apr  3 06:55:41 UTC 2026 - automated update
Sat Apr  4 06:44:49 UTC 2026 - automated update
Sun Apr  5 06:52:46 UTC 2026 - automated update
Mon Apr  6 07:15:34 UTC 2026 - automated update
Tue Apr  7 07:01:59 UTC 2026 - automated update
Wed Apr  8 07:04:36 UTC 2026 - automated update
Thu Apr  9 07:08:21 UTC 2026 - automated update
Fri Apr 10 07:13:03 UTC 2026 - automated update
Sat Apr 11 06:46:40 UTC 2026 - automated update
Sun Apr 12 07:01:19 UTC 2026 - automated update
Mon Apr 13 07:45:09 UTC 2026 - automated update
Tue Apr 14 07:15:13 UTC 2026 - automated update
Wed Apr 15 07:15:53 UTC 2026 - automated update
Thu Apr 16 07:16:38 UTC 2026 - automated update
Fri Apr 17 07:16:39 UTC 2026 - automated update
Sat Apr 18 06:54:43 UTC 2026 - automated update
Sun Apr 19 07:05:08 UTC 2026 - automated update
Mon Apr 20 07:48:01 UTC 2026 - automated update
Tue Apr 21 07:19:29 UTC 2026 - automated update
Wed Apr 22 07:17:46 UTC 2026 - automated update
Thu Apr 23 07:19:50 UTC 2026 - automated update
Fri Apr 24 07:46:01 UTC 2026 - automated update
Sat Apr 25 07:00:10 UTC 2026 - automated update
Sun Apr 26 07:14:20 UTC 2026 - automated update
Mon Apr 27 08:02:00 UTC 2026 - automated update
Tue Apr 28 08:02:30 UTC 2026 - automated update
Wed Apr 29 07:56:42 UTC 2026 - automated update
Thu Apr 30 07:59:34 UTC 2026 - automated update
Fri May  1 07:58:09 UTC 2026 - automated update
Sat May  2 07:17:03 UTC 2026 - automated update
Sun May  3 07:44:33 UTC 2026 - automated update
Mon May  4 08:13:08 UTC 2026 - automated update
Tue May  5 07:51:30 UTC 2026 - automated update
Wed May  6 08:03:35 UTC 2026 - automated update
Thu May  7 08:11:09 UTC 2026 - automated update
Fri May  8 07:13:04 UTC 2026 - automated update
Sat May  9 07:29:25 UTC 2026 - automated update
Sun May 10 07:52:47 UTC 2026 - automated update
Mon May 11 08:54:39 UTC 2026 - automated update
Tue May 12 08:20:54 UTC 2026 - automated update
Wed May 13 08:30:56 UTC 2026 - automated update
Thu May 14 08:24:32 UTC 2026 - automated update
Fri May 15 08:36:15 UTC 2026 - automated update
Sat May 16 07:46:24 UTC 2026 - automated update
Sun May 17 08:06:51 UTC 2026 - automated update
Mon May 18 09:35:17 UTC 2026 - automated update
Tue May 19 08:55:07 UTC 2026 - automated update
Wed May 20 08:49:58 UTC 2026 - automated update
Thu May 21 08:52:25 UTC 2026 - automated update
Fri May 22 08:45:48 UTC 2026 - automated update
Sat May 23 08:03:06 UTC 2026 - automated update
Sun May 24 08:13:53 UTC 2026 - automated update
Mon May 25 09:43:50 UTC 2026 - automated update
Tue May 26 09:31:48 UTC 2026 - automated update
Wed May 27 08:57:41 UTC 2026 - automated update
Thu May 28 09:40:46 UTC 2026 - automated update
Fri May 29 09:30:34 UTC 2026 - automated update
Sat May 30 08:13:05 UTC 2026 - automated update
Sun May 31 08:31:59 UTC 2026 - automated update
Mon Jun  1 11:04:32 UTC 2026 - automated update
Tue Jun  2 09:58:40 UTC 2026 - automated update
Wed Jun  3 10:29:33 UTC 2026 - automated update
Thu Jun  4 09:39:55 UTC 2026 - automated update
Fri Jun  5 09:24:59 UTC 2026 - automated update
Sat Jun  6 08:21:07 UTC 2026 - automated update
Sun Jun  7 08:41:47 UTC 2026 - automated update
Mon Jun  8 10:12:57 UTC 2026 - automated update
Tue Jun  9 08:55:36 UTC 2026 - automated update
Wed Jun 10 09:36:52 UTC 2026 - automated update
Thu Jun 11 10:00:37 UTC 2026 - automated update
Fri Jun 12 09:53:05 UTC 2026 - automated update
Sat Jun 13 08:43:59 UTC 2026 - automated update
Sun Jun 14 08:58:46 UTC 2026 - automated update
Mon Jun 15 11:40:51 UTC 2026 - automated update
Tue Jun 16 10:49:43 UTC 2026 - automated update
Wed Jun 17 10:22:02 UTC 2026 - automated update
Thu Jun 18 10:01:34 UTC 2026 - automated update
Fri Jun 19 10:08:31 UTC 2026 - automated update
Sat Jun 20 08:37:39 UTC 2026 - automated update
Sun Jun 21 09:32:27 UTC 2026 - automated update
Mon Jun 22 11:29:35 UTC 2026 - automated update
Tue Jun 23 08:54:36 UTC 2026 - automated update
Wed Jun 24 08:50:09 UTC 2026 - automated update
Thu Jun 25 08:43:59 UTC 2026 - automated update
Fri Jun 26 08:46:50 UTC 2026 - automated update
Sat Jun 27 08:23:37 UTC 2026 - automated update
Sun Jun 28 08:37:43 UTC 2026 - automated update
Mon Jun 29 10:17:32 UTC 2026 - automated update
Tue Jun 30 08:52:36 UTC 2026 - automated update
Wed Jul  1 09:25:16 UTC 2026 - automated update
Thu Jul  2 08:38:33 UTC 2026 - automated update
Fri Jul  3 08:44:38 UTC 2026 - automated update
Sat Jul  4 08:19:16 UTC 2026 - automated update
Sun Jul  5 08:37:25 UTC 2026 - automated update
Mon Jul  6 09:51:24 UTC 2026 - automated update
Tue Jul  7 09:20:19 UTC 2026 - automated update
Wed Jul  8 08:04:25 UTC 2026 - automated update
Fri Jul 10 08:56:48 UTC 2026 - automated update
Sat Jul 11 07:29:10 UTC 2026 - automated update
Sun Jul 12 07:55:16 UTC 2026 - automated update
Mon Jul 13 08:42:51 UTC 2026 - automated update
Tue Jul 14 07:43:30 UTC 2026 - automated update
Wed Jul 15 07:46:56 UTC 2026 - automated update
Thu Jul 16 07:51:37 UTC 2026 - automated update
Fri Jul 17 07:49:04 UTC 2026 - automated update
Sat Jul 18 07:23:51 UTC 2026 - automated update
